// Jest Snapshot v1, https://goo.gl/fbAQLP

exports[`ItemDeleteGroup should render delete ContextMenuItem 1`] = `
<div>
  <li
    class="pf-v5-c-menu__list-item"
    data-ouia-component-id="OUIA-Generated-DropdownItem-1"
    data-ouia-component-type="PF5/DropdownItem"
    data-ouia-safe="true"
    role="none"
  >
    <button
      class="pf-v5-c-menu__item"
      role="menuitem"
      tabindex="-1"
      type="button"
    >
      <span
        class="pf-v5-c-menu__item-main"
      >
        <span
          class="pf-v5-c-menu__item-text"
        >
          <svg
            aria-hidden="true"
            class="pf-v5-svg"
            fill="currentColor"
            height="1em"
            role="img"
            viewBox="0 0 448 512"
            width="1em"
          >
            <path
              d="M432 32H312l-9.4-18.7A24 24 0 0 0 281.1 0H166.8a23.72 23.72 0 0 0-21.4 13.3L136 32H16A16 16 0 0 0 0 48v32a16 16 0 0 0 16 16h416a16 16 0 0 0 16-16V48a16 16 0 0 0-16-16zM53.2 467a48 48 0 0 0 47.9 45h245.8a48 48 0 0 0 47.9-45L416 128H32z"
            />
          </svg>
           Delete
        </span>
      </span>
    </button>
  </li>
</div>
`;
