// Jest Snapshot v1, https://goo.gl/fbAQLP

exports[`DataListItem renders correctly 1`] = `
<li
  aria-labelledby="tile-name"
  class="pf-v5-c-data-list__item catalog-data-list-item"
  id="tile-name"
>
  <div
    class="pf-v5-c-data-list__item-row"
  >
    <div
      class="pf-v5-c-data-list__item-content"
    >
      <div
        class="pf-v5-c-data-list__cell"
      >
        <div
          class="pf-v5-l-grid"
        >
          <div
            class="pf-v5-l-grid__item pf-m-12-col-on-sm pf-m-6-col-on-md"
            style="--pf-v5-l-grid--item--Order: 1;"
          >
            <div
              class="catalog-data-list-item__title-div-left"
            >
              <img
                alt="camel icon"
                class="catalog-data-list-item__title-div-left__icon"
                src=""
              />
              <span
                class="catalog-data-list-item__title-div-left__title"
                id="clickable-action-item1"
              >
                tile-title
              </span>
              <div
                class="pf-v5-c-label-group"
              >
                <div
                  class="pf-v5-c-label-group__main"
                >
                  <ul
                    aria-label="data-list-item-headers-tags"
                    class="pf-v5-c-label-group__list"
                    role="list"
                  >
                    <li
                      class="pf-v5-c-label-group__list-item"
                    >
                      <span
                        class="pf-v5-c-label pf-m-compact catalog-data-list-item__tags"
                      >
                        <span
                          class="pf-v5-c-label__content"
                        >
                          <span
                            class="pf-v5-c-label__text"
                          >
                            header-tag1
                          </span>
                        </span>
                      </span>
                    </li>
                    <li
                      class="pf-v5-c-label-group__list-item"
                    >
                      <span
                        class="pf-v5-c-label pf-m-compact catalog-data-list-item__tags"
                      >
                        <span
                          class="pf-v5-c-label__content"
                        >
                          <span
                            class="pf-v5-c-label__text"
                          >
                            header-tag2
                          </span>
                        </span>
                      </span>
                    </li>
                    <li
                      class="pf-v5-c-label-group__list-item"
                    >
                      <span
                        class="pf-v5-c-label pf-m-outline pf-m-compact catalog-data-list-item__tags"
                      >
                        <span
                          class="pf-v5-c-label__content"
                        >
                          <span
                            class="pf-v5-c-label__text"
                          >
                            1.0
                          </span>
                        </span>
                      </span>
                    </li>
                  </ul>
                </div>
              </div>
            </div>
          </div>
          <div
            class="pf-v5-l-grid__item pf-m-12-col-on-sm pf-m-6-col-on-md"
            style="--pf-v5-l-grid--item--Order: 3; --pf-v5-l-grid--item--Order-on-md: 2;"
          >
            <div
              class="catalog-data-list-item__title-div-right"
            >
              <div
                class="pf-v5-c-label-group"
              >
                <div
                  class="pf-v5-c-label-group__main"
                >
                  <ul
                    aria-label="data-list-item-tags"
                    class="pf-v5-c-label-group__list"
                    role="list"
                  >
                    <li
                      class="pf-v5-c-label-group__list-item"
                    >
                      <span
                        class="pf-v5-c-label pf-m-compact"
                        data-testid="tag-tag1"
                      >
                        <a
                          class="pf-v5-c-label__content"
                        >
                          <span
                            class="pf-v5-c-label__text"
                          >
                            tag1
                          </span>
                        </a>
                      </span>
                    </li>
                    <li
                      class="pf-v5-c-label-group__list-item"
                    >
                      <span
                        class="pf-v5-c-label pf-m-compact"
                        data-testid="tag-tag2"
                      >
                        <a
                          class="pf-v5-c-label__content"
                        >
                          <span
                            class="pf-v5-c-label__text"
                          >
                            tag2
                          </span>
                        </a>
                      </span>
                    </li>
                  </ul>
                </div>
              </div>
            </div>
          </div>
          <div
            class="pf-v5-l-grid__item pf-m-12-col"
            style="--pf-v5-l-grid--item--Order: 2; --pf-v5-l-grid--item--Order-on-md: 3;"
          >
            <span
              class="catalog-data-list-item__description"
            >
              tile-description
            </span>
          </div>
        </div>
      </div>
    </div>
  </div>
</li>
`;
