// Jest Snapshot v1, https://goo.gl/fbAQLP

exports[`Tile renders correctly 1`] = `
<div
  class="pf-v5-c-card pf-m-compact pf-m-clickable tile"
  data-ouia-component-id="OUIA-Generated-Card-1"
  data-ouia-component-type="PF5/Card"
  data-ouia-safe="true"
  data-testid="tile-tile-name"
  id="tile-name"
  role="button"
>
  <div
    class="pf-v5-c-card__header"
    data-testid="tile-header-tile-name"
  >
    <div
      class="pf-v5-c-card__actions"
    >
      <div
        class="pf-v5-c-card__selectable-actions"
      >
        <div
          class="pf-v5-c-radio pf-m-standalone"
        >
          <input
            aria-invalid="false"
            aria-labelledby="Selectable tile-name"
            class="pf-v5-c-radio__input pf-v5-screen-reader"
            data-ouia-component-id="OUIA-Generated-Radio-1"
            data-ouia-component-type="PF5/Radio"
            data-ouia-safe="true"
            id="tile-name"
            name="tile-name"
            type="radio"
          />
          <label
            class="pf-v5-c-radio__label"
            for="tile-name"
          />
        </div>
      </div>
    </div>
    <div
      class="pf-v5-c-card__header-main"
    >
      <div
        class="tile__header"
      >
        <img
          alt="camel icon"
          class="tile__icon"
          src=""
        />
        <div
          class="pf-v5-c-label-group"
        >
          <div
            class="pf-v5-c-label-group__main"
          >
            <ul
              aria-label="tile-headers-tags"
              class="pf-v5-c-label-group__list"
              role="list"
            >
              <li
                class="pf-v5-c-label-group__list-item"
              >
                <span
                  class="pf-v5-c-label pf-m-compact"
                >
                  <span
                    class="pf-v5-c-label__content"
                  >
                    <span
                      class="pf-v5-c-label__text"
                    >
                      header-tag1
                    </span>
                  </span>
                </span>
              </li>
              <li
                class="pf-v5-c-label-group__list-item"
              >
                <span
                  class="pf-v5-c-label pf-m-compact"
                >
                  <span
                    class="pf-v5-c-label__content"
                  >
                    <span
                      class="pf-v5-c-label__text"
                    >
                      header-tag2
                    </span>
                  </span>
                </span>
              </li>
            </ul>
          </div>
        </div>
      </div>
      <div
        class="pf-v5-c-card__title"
      >
        <div
          class="pf-v5-c-card__title-text tile__title"
          id="tile-name-title"
        >
          <span>
            tile-title
          </span>
          <span
            class="tile__name"
          >
            (
            tile-name
            )
          </span>
        </div>
      </div>
    </div>
  </div>
  <div
    class="pf-v5-c-card__body tile__body"
  >
    tile-description
  </div>
  <div
    class="pf-v5-c-card__footer"
  >
    <div
      class="pf-v5-c-label-group"
    >
      <div
        class="pf-v5-c-label-group__main"
      >
        <ul
          aria-label="data-list-item-tags"
          class="pf-v5-c-label-group__list"
          role="list"
        >
          <li
            class="pf-v5-c-label-group__list-item"
          >
            <span
              class="pf-v5-c-label pf-m-compact"
            >
              <a
                class="pf-v5-c-label__content"
                data-testid="tag-tag1"
              >
                <span
                  class="pf-v5-c-label__text"
                >
                  tag1
                </span>
              </a>
            </span>
          </li>
          <li
            class="pf-v5-c-label-group__list-item"
          >
            <span
              class="pf-v5-c-label pf-m-compact"
            >
              <a
                class="pf-v5-c-label__content"
                data-testid="tag-tag2"
              >
                <span
                  class="pf-v5-c-label__text"
                >
                  tag2
                </span>
              </a>
            </span>
          </li>
        </ul>
      </div>
    </div>
  </div>
</div>
`;
