// Jest Snapshot v1, https://goo.gl/fbAQLP

exports[`CustomNode should render without error 1`] = `<DocumentFragment />`;
