// Jest Snapshot v1, https://goo.gl/fbAQLP

exports[`PlaceholderNode should render without error 1`] = `<DocumentFragment />`;
