// Jest Snapshot v1, https://goo.gl/fbAQLP

exports[`camelPropertiesSorter should sort Pipes 1`] = `
"apiVersion: camel.apache.org/v1
kind: Pipe
metadata:
  name: pipe-1748
spec:
  source:
    ref:
      apiVersion: camel.apache.org/v1
      kind: Kamelet
      name: timer-source
      properties:
        message: hello
        repeatCount: jjj
  steps:
    - ref:
        apiVersion: camel.apache.org/v1
        kind: Kamelet
        name: delay-action
        properties:
          milliseconds: "100"
  sink:
    ref:
      apiVersion: camel.apache.org/v1
      kind: Kamelet
      name: log-sink
"
`;

exports[`camelPropertiesSorter should sort the Camel Route 1`] = `
"- route:
    id: route-1398
    from:
      id: "1"
      description: my descriptio
      uri: timer
      parameters:
        delay: "{{delay}}"
        fixedRate: true
        includeMetadata: true
        period: 50.75
        synchronous: true
        timerName: timer-1-1
      steps:
        - to:
            id: to-8385
            uri: amqp
            parameters:
              disableReplyTo: true
              synchronous: true
              transferException: true
        - to:
            id: to-2786
            uri: whatsapp
            parameters:
              baseUri: /
              lazyStartProducer: true
"
`;
