// Jest Snapshot v1, https://goo.gl/fbAQLP

exports[`createCamelResource should create an empty KameletResource if no args is specified 1`] = `
[
  {
    "route": {
      "from": {
        "id": "from-1234",
        "parameters": {
          "period": "{{period}}",
          "timerName": "user",
        },
        "steps": [
          {
            "to": "https://random-data-api.com/api/v2/users",
          },
          {
            "to": "kamelet:sink",
          },
        ],
        "uri": "timer",
      },
      "id": "kamelet-1234",
    },
  },
]
`;
