// Jest Snapshot v1, https://goo.gl/fbAQLP

exports[`CanvasFormHeader renders correctly 1`] = `
<DocumentFragment>
  <div
    class="pf-v5-l-grid pf-m-gutter"
  >
    <div
      class="pf-v5-l-grid__item pf-m-11-col form-header"
    >
      <img
        alt="icon"
        class="form-header__icon-nodeId"
        src="nodeIcon"
      />
      <h2
        class="pf-v5-c-title pf-m-xl form-header__title"
        data-ouia-component-id="OUIA-Generated-Title-1"
        data-ouia-component-type="PF5/Title"
        data-ouia-safe="true"
      >
        title
      </h2>
    </div>
    <div
      class="pf-v5-l-grid__item pf-m-1-col"
    >
      <button
        aria-disabled="false"
        class="pf-v5-c-button pf-m-plain"
        data-ouia-component-id="OUIA-Generated-Button-plain-1"
        data-ouia-component-type="PF5/Button"
        data-ouia-safe="true"
        data-testid="close-side-bar"
        type="button"
      >
        <svg
          aria-hidden="true"
          class="pf-v5-svg"
          fill="currentColor"
          height="1em"
          role="img"
          viewBox="0 0 352 512"
          width="1em"
        >
          <path
            d="M242.72 256l100.07-100.07c12.28-12.28 12.28-32.19 0-44.48l-22.24-22.24c-12.28-12.28-32.19-12.28-44.48 0L176 189.28 75.93 89.21c-12.28-12.28-32.19-12.28-44.48 0L9.21 111.45c-12.28 12.28-12.28 32.19 0 44.48L109.28 256 9.21 356.07c-12.28 12.28-12.28 32.19 0 44.48l22.24 22.24c12.28 12.28 32.2 12.28 44.48 0L176 322.72l100.07 100.07c12.28 12.28 32.2 12.28 44.48 0l22.24-22.24c12.28-12.28 12.28-32.19 0-44.48L242.72 256z"
          />
        </svg>
      </button>
    </div>
  </div>
  <div
    aria-label="Single selectable form tabs"
    class="pf-v5-c-toggle-group form-tabs"
    role="group"
  >
    <div
      class="pf-v5-c-toggle-group__item"
      title="Shows Required fields only"
    >
      <button
        aria-pressed="true"
        class="pf-v5-c-toggle-group__button pf-m-selected"
        id="Required"
        type="button"
      >
        <span
          class="pf-v5-c-toggle-group__text"
        >
          Required
        </span>
      </button>
    </div>
    <div
      class="pf-v5-c-toggle-group__item"
      title="Shows All fields"
    >
      <button
        aria-pressed="false"
        class="pf-v5-c-toggle-group__button"
        id="All"
        type="button"
      >
        <span
          class="pf-v5-c-toggle-group__text"
        >
          All
        </span>
      </button>
    </div>
    <div
      class="pf-v5-c-toggle-group__item"
      title="Shows Modified fields only"
    >
      <button
        aria-pressed="false"
        class="pf-v5-c-toggle-group__button"
        id="Modified"
        type="button"
      >
        <span
          class="pf-v5-c-toggle-group__text"
        >
          Modified
        </span>
      </button>
    </div>
  </div>
  <div
    class="pf-v5-c-text-input-group filter-fields"
    data-testid="filter-fields"
  >
    <div
      class="pf-v5-c-text-input-group__main pf-m-icon"
    >
      <span
        class="pf-v5-c-text-input-group__text"
      >
        <span
          class="pf-v5-c-text-input-group__icon"
        >
          <svg
            aria-hidden="true"
            class="pf-v5-svg"
            fill="currentColor"
            height="1em"
            role="img"
            viewBox="0 0 512 512"
            width="1em"
          >
            <path
              d="M505 442.7L405.3 343c-4.5-4.5-10.6-7-17-7H372c27.6-35.3 44-79.7 44-128C416 93.1 322.9 0 208 0S0 93.1 0 208s93.1 208 208 208c48.3 0 92.7-16.4 128-44v16.3c0 6.4 2.5 12.5 7 17l99.7 99.7c9.4 9.4 24.6 9.4 33.9 0l28.3-28.3c9.4-9.4 9.4-24.6.1-34zM208 336c-70.7 0-128-57.2-128-128 0-70.7 57.2-128 128-128 70.7 0 128 57.2 128 128 0 70.7-57.2 128-128 128z"
            />
          </svg>
        </span>
        <input
          aria-label="Search input"
          class="pf-v5-c-text-input-group__text-input"
          placeholder="Find properties by name"
          type="text"
          value=""
        />
      </span>
    </div>
  </div>
</DocumentFragment>
`;
