// Jest Snapshot v1, https://goo.gl/fbAQLP

exports[`YamlCamelResourceSerializer includes comments in  YAML string 1`] = `
"# comment1

# Comment2
- route:
    id: route-8888
    from:
      uri: timer
      parameters:
        timerName: tutorial
      steps:
        - set-header:
            name: myChoice
            simple: \${random(2)}
        - choice:
            otherwise:
              steps:
                - to:
                    uri: "amqp:queue:"
                - to:
                    uri: "amqp:queue:"
                - log:
                    id: log-2
                    message: We got a \${body}
            when:
              - steps:
                  - log:
                      id: log-1
                      message: We got a one.
                simple: \${header.myChoice} == 1
        - to:
            uri: direct:my-route
            parameters:
              bridgeErrorHandler: true
"
`;
