// Jest Snapshot v1, https://goo.gl/fbAQLP

exports[`SettingsProvider should render 1`] = `
<p
  data-testid="settings"
>
  {"catalogUrl":"","nodeLabel":"description"}
</p>
`;
