// Jest Snapshot v1, https://goo.gl/fbAQLP

exports[`PasswordField should render 1`] = `
<div>
  <div
    class="pf-v6-c-form__group"
    data-testid="#__field-wrapper"
  >
    <div
      class="pf-v6-c-form__group-label"
    >
      <label
        class="pf-v6-c-form__label"
        for="#"
      >
        <span
          class="pf-v6-c-form__label-text"
        >
          #
        </span>
      </label>
        
      <span
        class="pf-v6-c-form__group-label-help"
      >
        <div
          style="display: contents;"
        >
          <span
            aria-label="More info for # field"
            class="pf-v6-c-button pf-m-plain pf-m-no-padding"
            data-ouia-component-id="OUIA-Generated-Button-plain-1"
            data-ouia-component-type="PF6/Button"
            data-ouia-safe="true"
            role="button"
            tabindex="0"
            type="button"
          >
            <span
              class="pf-v6-c-button__icon"
            >
              <svg
                aria-hidden="true"
                class="pf-v6-svg"
                fill="currentColor"
                height="1em"
                role="img"
                viewBox="0 0 512 512"
                width="1em"
              >
                <path
                  d="M504 256c0 136.997-111.043 248-248 248S8 392.997 8 256C8 119.083 119.043 8 256 8s248 111.083 248 248zM262.655 90c-54.497 0-89.255 22.957-116.549 63.758-3.536 5.286-2.353 12.415 2.715 16.258l34.699 26.31c5.205 3.947 12.621 3.008 16.665-2.122 17.864-22.658 30.113-35.797 57.303-35.797 20.429 0 45.698 13.148 45.698 32.958 0 14.976-12.363 22.667-32.534 33.976C247.128 238.528 216 254.941 216 296v4c0 6.627 5.373 12 12 12h56c6.627 0 12-5.373 12-12v-1.333c0-28.462 83.186-29.647 83.186-106.667 0-58.002-60.165-102-116.531-102zM256 338c-25.365 0-46 20.635-46 46 0 25.364 20.635 46 46 46s46-20.636 46-46c0-25.365-20.635-46-46-46z"
                />
              </svg>
            </span>
          </span>
        </div>
      </span>
    </div>
    <div
      class="pf-v6-c-form__group-control"
    >
      <div
        class="pf-v6-c-text-input-group"
      >
        <div
          aria-describedby="#-popover"
          class="pf-v6-c-text-input-group__main"
          id="#"
        >
          <span
            class="pf-v6-c-text-input-group__text"
          >
            <input
              aria-label="Type to filter"
              class="pf-v6-c-text-input-group__text-input"
              name="#"
              role="textbox"
              type="password"
              value="Value"
            />
          </span>
        </div>
        <div
          class="pf-v6-c-text-input-group__utilities"
        >
          <button
            aria-label="Show # value"
            class="pf-v6-c-button pf-m-plain"
            data-ouia-component-id="OUIA-Generated-Button-plain-2"
            data-ouia-component-type="PF6/Button"
            data-ouia-safe="true"
            data-testid="#__toggle-visibility"
            type="button"
          >
            <span
              class="pf-v6-c-button__text"
            >
              <svg
                aria-hidden="true"
                class="pf-v6-svg"
                fill="currentColor"
                height="1em"
                role="img"
                viewBox="0 0 576 512"
                width="1em"
              >
                <path
                  d="M572.52 241.4C518.29 135.59 410.93 64 288 64S57.68 135.64 3.48 241.41a32.35 32.35 0 0 0 0 29.19C57.71 376.41 165.07 448 288 448s230.32-71.64 284.52-177.41a32.35 32.35 0 0 0 0-29.19zM288 400a144 144 0 1 1 144-144 143.93 143.93 0 0 1-144 144zm0-240a95.31 95.31 0 0 0-25.31 3.79 47.85 47.85 0 0 1-66.9 66.9A95.78 95.78 0 1 0 288 160z"
                />
              </svg>
            </span>
          </button>
          <button
            aria-expanded="false"
            aria-label="#__field-actions"
            class="pf-v6-c-menu-toggle pf-m-plain"
            data-ouia-component-id="OUIA-Generated-MenuToggle-plain-1"
            data-ouia-component-type="PF6/MenuToggle"
            data-ouia-safe="true"
            data-testid="#__field-actions"
            type="button"
          >
            <span
              class="pf-v6-c-menu-toggle__icon"
            >
              <svg
                aria-hidden="true"
                class="pf-v6-svg"
                fill="currentColor"
                height="1em"
                role="img"
                viewBox="0 0 192 512"
                width="1em"
              >
                <path
                  d="M96 184c39.8 0 72 32.2 72 72s-32.2 72-72 72-72-32.2-72-72 32.2-72 72-72zM24 80c0 39.8 32.2 72 72 72s72-32.2 72-72S135.8 8 96 8 24 40.2 24 80zm0 352c0 39.8 32.2 72 72 72s72-32.2 72-72-32.2-72-72-72-72 32.2-72 72z"
                />
              </svg>
            </span>
          </button>
        </div>
      </div>
    </div>
  </div>
</div>
`;
