// Jest Snapshot v1, https://goo.gl/fbAQLP

exports[`TextAreaField should render 1`] = `
<div>
  <div
    class="pf-v6-c-form__group"
    data-testid="#__field-wrapper"
  >
    <div
      class="pf-v6-c-form__group-label"
    >
      <label
        class="pf-v6-c-form__label"
        for="#"
      >
        <span
          class="pf-v6-c-form__label-text"
        >
          #
        </span>
      </label>
        
      <span
        class="pf-v6-c-form__group-label-help"
      >
        <div
          style="display: contents;"
        >
          <span
            aria-label="More info for # field"
            class="pf-v6-c-button pf-m-plain pf-m-no-padding"
            data-ouia-component-id="OUIA-Generated-Button-plain-1"
            data-ouia-component-type="PF6/Button"
            data-ouia-safe="true"
            role="button"
            tabindex="0"
            type="button"
          >
            <span
              class="pf-v6-c-button__icon"
            >
              <svg
                aria-hidden="true"
                class="pf-v6-svg"
                fill="currentColor"
                height="1em"
                role="img"
                viewBox="0 0 512 512"
                width="1em"
              >
                <path
                  d="M504 256c0 136.997-111.043 248-248 248S8 392.997 8 256C8 119.083 119.043 8 256 8s248 111.083 248 248zM262.655 90c-54.497 0-89.255 22.957-116.549 63.758-3.536 5.286-2.353 12.415 2.715 16.258l34.699 26.31c5.205 3.947 12.621 3.008 16.665-2.122 17.864-22.658 30.113-35.797 57.303-35.797 20.429 0 45.698 13.148 45.698 32.958 0 14.976-12.363 22.667-32.534 33.976C247.128 238.528 216 254.941 216 296v4c0 6.627 5.373 12 12 12h56c6.627 0 12-5.373 12-12v-1.333c0-28.462 83.186-29.647 83.186-106.667 0-58.002-60.165-102-116.531-102zM256 338c-25.365 0-46 20.635-46 46 0 25.364 20.635 46 46 46s46-20.636 46-46c0-25.365-20.635-46-46-46z"
                />
              </svg>
            </span>
          </span>
        </div>
      </span>
    </div>
    <div
      class="pf-v6-c-form__group-control"
    >
      <div
        class="pf-v6-c-input-group"
      >
        <div
          class="pf-v6-c-input-group__item pf-m-fill"
        >
          <span
            class="pf-v6-c-form-control pf-m-textarea pf-m-resize-both"
          >
            <textarea
              aria-describedby="#-popover"
              aria-invalid="false"
              id="#"
              name="#"
              role="textbox"
              rows="2"
              type="text"
            >
              Value
            </textarea>
          </span>
        </div>
        <div
          class="pf-v6-c-input-group__item"
        >
          <button
            aria-label="Clear # field"
            class="pf-v6-c-button pf-m-plain"
            data-ouia-component-id="OUIA-Generated-Button-plain-2"
            data-ouia-component-type="PF6/Button"
            data-ouia-safe="true"
            data-testid="#__clear"
            title="Clear # field"
            type="button"
          >
            <span
              class="pf-v6-c-button__icon"
            >
              <svg
                aria-hidden="true"
                class="pf-v6-svg"
                fill="currentColor"
                height="1em"
                role="img"
                viewBox="0 0 352 512"
                width="1em"
              >
                <path
                  d="M242.72 256l100.07-100.07c12.28-12.28 12.28-32.19 0-44.48l-22.24-22.24c-12.28-12.28-32.19-12.28-44.48 0L176 189.28 75.93 89.21c-12.28-12.28-32.19-12.28-44.48 0L9.21 111.45c-12.28 12.28-12.28 32.19 0 44.48L109.28 256 9.21 356.07c-12.28 12.28-12.28 32.19 0 44.48l22.24 22.24c12.28 12.28 32.2 12.28 44.48 0L176 322.72l100.07 100.07c12.28 12.28 32.2 12.28 44.48 0l22.24-22.24c12.28-12.28 12.28-32.19 0-44.48L242.72 256z"
                />
              </svg>
            </span>
          </button>
        </div>
      </div>
    </div>
  </div>
</div>
`;
